../Core/Src/display.c:8:6:display_init	8	static
../Core/Src/display.c:15:6:display_Temp_Hum	40	static
../Core/Src/display.c:27:6:display_welcom	24	static
../Core/Src/display.c:41:6:Face_Sleep	16	static
../Core/Src/display.c:48:6:Face_Stare	16	static
../Core/Src/display.c:55:6:Face_Happy	16	static
../Core/Src/display.c:62:6:Face_Mania	16	static
../Core/Src/display.c:69:6:Face_VeryHappy	16	static
../Core/Src/display.c:76:6:Face_OpenEyes	16	static
../Core/Src/display.c:83:6:Face_Xiaoxiao	16	static
