../Core/Src/DogAction.c:34:5:DogAction	48	static
../Core/Src/DogAction.c:187:6:Action_Advance	16	static
../Core/Src/DogAction.c:228:6:Action_Back	16	static
../Core/Src/DogAction.c:265:6:Action_TuenLeft	16	static
../Core/Src/DogAction.c:292:6:Action_TurnRight	16	static
../Core/Src/DogAction.c:319:6:Action_TurnAround	16	static
../Core/Src/DogAction.c:331:6:Action_Sit	8	static
../Core/Src/DogAction.c:342:6:Action_Stand	8	static
../Core/Src/DogAction.c:354:6:Action_Sleep	8	static
../Core/Src/DogAction.c:365:6:Action_GetDown	8	static
../Core/Src/DogAction.c:376:6:Action_Hello	16	static
../Core/Src/DogAction.c:403:6:Action_Swing	16	static
../Core/Src/DogAction.c:426:6:Action_Echo	8	static
../Core/Src/DogAction.c:435:13:Servo_LF	16	static
../Core/Src/DogAction.c:441:13:Servo_RF	16	static
../Core/Src/DogAction.c:447:13:Servo_LR	16	static
../Core/Src/DogAction.c:453:13:Servo_RR	16	static
