C:\ST\STM32CubeIDE_1.19.0\STM32CubeIDE\plugins\com.st.stm32cube.ide.mcu.externaltools.gnu-tools-for-stm32.13.3.rel1.win32_1.0.0.202411081344\tools\bin/../lib/gcc/arm-none-eabi/13.3.1/../../../../arm-none-eabi/include/stdio.h:220:5:fputc	16	static
../Core/Src/main.c:75:6:printBuff	88	static
../Core/Src/main.c:92:5:main	8	static
../Core/Src/main.c:159:6:SystemClock_Config	72	static
../Core/Src/main.c:204:6:mySysTick_Callback	8	static
../Core/Src/main.c:216:6:Error_Handler	4	static,ignoring_inline_asm
