../Core/Src/oled.c:31:6:OLED_WR_Byte	16	static
../Core/Src/oled.c:48:6:OLED_ColorTurn	16	static
../Core/Src/oled.c:61:6:OLED_DisplayTurn	16	static
../Core/Src/oled.c:76:6:OLED_DisPlay_On	8	static
../Core/Src/oled.c:84:6:OLED_DisPlay_Off	8	static
../Core/Src/oled.c:92:6:OLED_Refresh	16	static
../Core/Src/oled.c:105:6:OLED_Clear	16	static
../Core/Src/oled.c:122:6:OLED_DrawPoint	24	static
../Core/Src/oled.c:143:6:OLED_DrawLine	64	static
../Core/Src/oled.c:193:6:OLED_DrawCircle	32	static
../Core/Src/oled.c:225:6:OLED_ShowChar	32	static
../Core/Src/oled.c:278:6:OLED_ShowString	32	static
../Core/Src/oled.c:292:10:OLED_Pow	24	static
../Core/Src/oled.c:308:6:OLED_ShowNum	40	static
../Core/Src/oled.c:331:6:OLED_ShowChinese	40	static
../Core/Src/oled.c:366:6:OLED_ScrollDisplay	40	static
../Core/Src/oled.c:411:6:OLED_ShowPicture	32	static
../Core/Src/oled.c:443:6:OLED_Init	8	static
